Archive member included to satisfy reference by file (symbol)

/opt/devkitpro/libctru/lib/libctru.a(linear.o)
                              snd_ctr.o (linearAlloc)
/opt/devkitpro/libctru/lib/libctru.a(mem_pool.o)
                              /opt/devkitpro/libctru/lib/libctru.a(linear.o) (MemPool::Allocate(MemChunk&, unsigned long, int))
/opt/devkitpro/libctru/lib/libctru.a(os.o)
                              sys_ctr.o (osSetSpeedupEnable)
/opt/devkitpro/libctru/lib/libctru.a(console.o)
                              sys_ctr.o (consoleInit)
/opt/devkitpro/libctru/lib/libctru.a(gfx.o)
                              sys_ctr.o (gfxSet3D)
/opt/devkitpro/libctru/lib/libctru.a(gx.o)
                              /opt/devkitpro/libctru/lib/libctru.a(gfx.o) (gxCmdBuf)
/opt/devkitpro/libctru/lib/libctru.a(ndsp.o)
                              snd_ctr.o (ndspInit)
/opt/devkitpro/libctru/lib/libctru.a(ndsp-channel.o)
                              snd_ctr.o (ndspChnReset)
/opt/devkitpro/libctru/lib/libctru.a(irrst.o)
                              in_ctr.o (irrstCstickRead)
/opt/devkitpro/libctru/lib/libctru.a(dsp.o)
                              /opt/devkitpro/libctru/lib/libctru.a(ndsp.o) (dspExit)
/opt/devkitpro/libctru/lib/libctru.a(gspgpu.o)
                              /opt/devkitpro/libctru/lib/libctru.a(gfx.o) (gspInit)
/opt/devkitpro/libctru/lib/libctru.a(csnd.o)
                              snd_ctr.o (CSND_FlushDataCache)
/opt/devkitpro/libctru/lib/libctru.a(apt.o)
                              sys_ctr.o (aptHook)
/opt/devkitpro/libctru/lib/libctru.a(cfgu.o)
                              /opt/devkitpro/libctru/lib/libctru.a(ndsp.o) (cfguInit)
/opt/devkitpro/libctru/lib/libctru.a(hid.o)
                              sys_ctr.o (hidScanInput)
/opt/devkitpro/libctru/lib/libctru.a(ptmsysm.o)
                              /opt/devkitpro/libctru/lib/libctru.a(os.o) (ptmSysmInit)
/opt/devkitpro/libctru/lib/libctru.a(fs.o)
                              /opt/devkitpro/libctru/lib/libctru.a(ndsp.o) (FSUSER_OpenFileDirectly)
/opt/devkitpro/libctru/lib/libctru.a(soc_inet_addr.o)
                              net_dgrm.o (inet_addr)
/opt/devkitpro/libctru/lib/libctru.a(soc_socket.o)
                              net_udpctr.o (socket)
/opt/devkitpro/libctru/lib/libctru.a(soc_gethostbyaddr.o)
                              net_udpctr.o (gethostbyaddr)
/opt/devkitpro/libctru/lib/libctru.a(soc_common.o)
                              /opt/devkitpro/libctru/lib/libctru.a(soc_socket.o) (_net_convert_error)
/opt/devkitpro/libctru/lib/libctru.a(soc_gethostbyname.o)
                              net_udpctr.o (gethostbyname)
/opt/devkitpro/libctru/lib/libctru.a(soc_gethostid.o)
                              net_udpctr.o (gethostid)
/opt/devkitpro/libctru/lib/libctru.a(soc_inet_aton.o)
                              /opt/devkitpro/libctru/lib/libctru.a(soc_inet_addr.o) (inet_aton)
/opt/devkitpro/libctru/lib/libctru.a(soc_bind.o)
                              net_udpctr.o (bind)
/opt/devkitpro/libctru/lib/libctru.a(soc_fcntl.o)
                              net_udpctr.o (fcntl)
/opt/devkitpro/libctru/lib/libctru.a(soc_inet_ntoa.o)
                              net_dgrm.o (inet_ntoa)
/opt/devkitpro/libctru/lib/libctru.a(soc_init.o)
                              net_udpctr.o (socInit)
/opt/devkitpro/libctru/lib/libctru.a(soc_getsockname.o)
                              net_udpctr.o (getsockname)
/opt/devkitpro/libctru/lib/libctru.a(soc_recvfrom.o)
                              /opt/devkitpro/libctru/lib/libctru.a(soc_init.o) (soc_recvfrom)
/opt/devkitpro/libctru/lib/libctru.a(soc_sendto.o)
                              /opt/devkitpro/libctru/lib/libctru.a(soc_init.o) (soc_sendto)
/opt/devkitpro/libctru/lib/libctru.a(rbtree_init.o)
                              /opt/devkitpro/libctru/lib/libctru.a(linear.o) (rbtree_init)
/opt/devkitpro/libctru/lib/libctru.a(rbtree_insert.o)
                              /opt/devkitpro/libctru/lib/libctru.a(linear.o) (rbtree_insert)
/opt/devkitpro/libctru/lib/libctru.a(rbtree_rotate.o)
                              /opt/devkitpro/libctru/lib/libctru.a(rbtree_insert.o) (rbtree_rotate)
/opt/devkitpro/libctru/lib/libctru.a(rbtree_remove.o)
                              /opt/devkitpro/libctru/lib/libctru.a(linear.o) (rbtree_remove)
/opt/devkitpro/libctru/lib/libctru.a(rbtree_find.o)
                              /opt/devkitpro/libctru/lib/libctru.a(linear.o) (rbtree_find)
/opt/devkitpro/libctru/lib/libctru.a(initSystem.o)
                              /opt/devkitpro/libctru/lib/libctru.a(apt.o) (__system_retAddr)
/opt/devkitpro/libctru/lib/libctru.a(syscalls.o)
                              /opt/devkitpro/libctru/lib/libctru.a(initSystem.o) (__system_initSyscalls)
/opt/devkitpro/libctru/lib/libctru.a(allocateHeaps.o)
                              /opt/devkitpro/libctru/lib/libctru.a(initSystem.o) (__system_allocateHeaps)
/opt/devkitpro/libctru/lib/libctru.a(initArgv.o)
[...]
Memory Configuration

Name             Origin             Length             Attributes
*default*        0x0000000000000000 0xffffffffffffffff

Linker script and memory map

                0x0000000000100000                PROVIDE (__start__, 0x100000)
                0x0000000000100000                . = __start__

.text           0x0000000000100000    0x7d828
 *(.crt0)
 .crt0          0x0000000000100000       0x94 /opt/devkitpro/devkitARM/lib/gcc/arm-none-eabi/6.3.0/../../../../arm-none-eabi/lib/armv6k/fpu/3dsx_crt0.o
                0x0000000000100000                _start
                0x0000000000100008                __service_ptr
                0x000000000010000c                __apt_appid
                0x0000000000100010                __heap_size
                0x0000000000100014                __linear_heap_size
                0x0000000000100018                __system_arglist
                0x000000000010001c                __system_runflags
 *(.init)
 .init          0x0000000000100094        0xc /opt/devkitpro/devkitARM/lib/gcc/arm-none-eabi/6.3.0/armv6k/fpu/crti.o
                0x0000000000100094                _init
 .init          0x00000000001000a0        0xc /opt/devkitpro/devkitARM/lib/gcc/arm-none-eabi/6.3.0/armv6k/fpu/crtn.o
                0x00000000001000ac                . = ALIGN (0x4)
 *(.text)
 .text          0x00000000001000ac       0x64 /opt/devkitpro/libctru/lib/libctru.a(stack_adjust.o)
                0x00000000001000ac                initSystem
                0x00000000001000f0                __ctru_exit
 .text          0x0000000000100110      0x20c /opt/devkitpro/devkitARM/lib/gcc/arm-none-eabi/6.3.0/armv6k/fpu/libgcc.a(_udivsi3.o)
                0x0000000000100110                __udivsi3
                0x0000000000100110                __aeabi_uidiv
                0x00000000001002fc                __aeabi_uidivmod
 .text          0x000000000010031c      0x240 /opt/devkitpro/devkitARM/lib/gcc/arm-none-eabi/6.3.0/armv6k/fpu/libgcc.a(_divsi3.o)
                0x000000000010031c                __divsi3
                0x000000000010031c                __aeabi_idiv
                0x000000000010053c                __aeabi_idivmod
 .text          0x000000000010055c        0x4 /opt/devkitpro/devkitARM/lib/gcc/arm-none-eabi/6.3.0/armv6k/fpu/libgcc.a(_dvmd_tls.o)
                0x000000000010055c                __aeabi_ldiv0
                0x000000000010055c                __aeabi_idiv0
 .text          0x0000000000100560      0x3b8 /opt/devkitpro/devkitARM/lib/gcc/arm-none-eabi/6.3.0/armv6k/fpu/libgcc.a(_arm_addsubdf3.o)
                0x0000000000100560                __aeabi_drsub
                0x0000000000100568                __aeabi_dsub
                0x0000000000100568                __subdf3
                0x000000000010056c                __adddf3
                0x000000000010056c                __aeabi_dadd
                0x0000000000100818                __aeabi_ui2d
                0x0000000000100818                __floatunsidf
                0x000000000010083c                __aeabi_i2d
                0x000000000010083c                __floatsidf
                0x0000000000100864                __extendsfdf2
                0x0000000000100864                __aeabi_f2d
                0x00000000001008a4                __aeabi_ul2d
                0x00000000001008a4                __floatundidf
                0x00000000001008b8                __floatdidf
                0x00000000001008b8                __aeabi_l2d
 .text          0x0000000000100918       0x3c /opt/devkitpro/devkitARM/lib/gcc/arm-none-eabi/6.3.0/armv6k/fpu/libgcc.a(_aeabi_uldivmod.o)
                0x0000000000100918                __aeabi_uldivmod
 .text          0x0000000000100954       0x2c /opt/devkitpro/devkitARM/lib/gcc/arm-none-eabi/6.3.0/../../../../arm-none-eabi/lib/armv6k/fpu/libg.a(lib_a-setjmp.o)
                0x0000000000100954                setjmp
                0x0000000000100968                longjmp
 .text          0x0000000000100980      0x390 /opt/devkitpro/devkitARM/lib/gcc/arm-none-eabi/6.3.0/../../../../arm-none-eabi/lib/armv6k/fpu/libg.a(lib_a-strcmp.o)
                0x0000000000100988                strcmp
 *(.text.*)
 .text.deregister_tm_clones
                0x0000000000100d10       0x30 /opt/devkitpro/devkitARM/lib/gcc/arm-none-eabi/6.3.0/armv6k/fpu/crtbegin.o
 .text.register_tm_clones
                0x0000000000100d40       0x38 /opt/devkitpro/devkitARM/lib/gcc/arm-none-eabi/6.3.0/armv6k/fpu/crtbegin.o
 .text.__do_global_dtors_aux
                0x0000000000100d78       0x44 /opt/devkitpro/devkitARM/lib/gcc/arm-none-eabi/6.3.0/armv6k/fpu/crtbegin.o
 .text.frame_dummy
                0x0000000000100dbc       0x5c /opt/devkitpro/devkitARM/lib/gcc/arm-none-eabi/6.3.0/armv6k/fpu/crtbegin.o
 .text.Chase_Init
                0x0000000000100e18       0x30 chase.o
                0x0000000000100e18                Chase_Init
 .text.Chase_Update
                0x0000000000100e48        0x4 chase.o
                0x0000000000100e48                Chase_Update
 *fill*         0x0000000000100e4c        0x4 
 .text.CL_StopPlayback
                0x0000000000100e50       0xd4 cl_demo.o
                0x0000000000100e50                CL_StopPlayback
 .text.CL_WriteDemoMessage
                0x0000000000100f24       0xb4 cl_demo.o
                0x0000000000100f24                CL_WriteDemoMessage
 .text.CL_GetMessage
                0x0000000000100fd8      0x2a8 cl_demo.o
                0x0000000000100fd8                CL_GetMessage
 .text.CL_Stop_f
                0x0000000000101280       0x7c cl_demo.o
                0x0000000000101280                CL_Stop_f
 .text.CL_Record_f
                0x00000000001012fc      0x1d4 cl_demo.o
                0x00000000001012fc                CL_Record_f
 .text.CL_PlayDemo_f
                0x00000000001014d0      0x140 cl_demo.o
                0x00000000001014d0                CL_PlayDemo_f
 .text.CL_TimeDemo_f
                0x0000000000101610       0x60 cl_demo.o
                0x0000000000101610                CL_TimeDemo_f
 .text.IN_Impulse
                0x0000000000101670       0x20 cl_input.o
                0x0000000000101670                IN_Impulse
 .text.IN_AttackDown
                0x0000000000101690       0x80 cl_input.o
                0x0000000000101690                IN_AttackDown
 .text.IN_DownDown
                0x0000000000101710       0x80 cl_input.o
                0x0000000000101710                IN_DownDown
 .text.IN_LeftDown
                0x0000000000101790       0x80 cl_input.o
                0x0000000000101790                IN_LeftDown
 .text.IN_RightDown
                0x0000000000101810       0x80 cl_input.o
                0x0000000000101810                IN_RightDown
 .text.IN_ForwardDown
                0x0000000000101890       0x80 cl_input.o
                0x0000000000101890                IN_ForwardDown
 .text.IN_LookdownDown
                0x0000000000101910       0x80 cl_input.o
                0x0000000000101910                IN_LookdownDown
 .text.IN_BackDown
                0x0000000000101990       0x80 cl_input.o
                0x0000000000101990                IN_BackDown
 .text.IN_LookupDown
                0x0000000000101a10       0x80 cl_input.o
                0x0000000000101a10                IN_LookupDown
 .text.IN_MoveleftDown
                0x0000000000101a90       0x80 cl_input.o
                0x0000000000101a90                IN_MoveleftDown
 .text.IN_UseDown
                0x0000000000101b10       0x80 cl_input.o
                0x0000000000101b10                IN_UseDown
 .text.IN_MoverightDown
                0x0000000000101b90       0x80 cl_input.o
                0x0000000000101b90                IN_MoverightDown
 .text.IN_KLookDown
                0x0000000000101c10       0x80 cl_input.o
                0x0000000000101c10                IN_KLookDown
 .text.IN_StrafeDown
                0x0000000000101c90       0x80 cl_input.o
                0x0000000000101c90                IN_StrafeDown
 .text.IN_UpDown
                0x0000000000101d10       0x80 cl_input.o
                0x0000000000101d10                IN_UpDown
 .text.IN_JumpDown
                0x0000000000101d90       0x80 cl_input.o
                0x0000000000101d90                IN_JumpDown
 .text.IN_MLookDown
                0x0000000000101e10       0x80 cl_input.o
                0x0000000000101e10                IN_MLookDown
 .text.IN_SpeedDown
                0x0000000000101e90       0x80 cl_input.o
                0x0000000000101e90                IN_SpeedDown
 .text.IN_StrafeUp
                0x0000000000101f10       0x9c cl_input.o
                0x0000000000101f10                IN_StrafeUp
 .text.IN_JumpUp
                0x0000000000101fac       0x9c cl_input.o
                0x0000000000101fac                IN_JumpUp
 .text.IN_UseUp
                0x0000000000102048       0x9c cl_input.o
                0x0000000000102048                IN_UseUp
 .text.IN_UpUp  0x00000000001020e4       0x9c cl_input.o
                0x00000000001020e4                IN_UpUp
 .text.IN_MoverightUp
                0x0000000000102180       0x9c cl_input.o
                0x0000000000102180                IN_MoverightUp
 .text.IN_KLookUp
                0x000000000010221c       0x9c cl_input.o
                0x000000000010221c                IN_KLookUp
 .text.IN_SpeedUp
                0x00000000001022b8       0x9c cl_input.o
                0x00000000001022b8                IN_SpeedUp
 .text.IN_MoveleftUp
                0x0000000000102354       0x9c cl_input.o
                0x0000000000102354                IN_MoveleftUp
 .text.IN_BackUp
                0x00000000001023f0       0x9c cl_input.o
                0x00000000001023f0                IN_BackUp
 .text.IN_LookupUp
                0x000000000010248c       0x9c cl_input.o
                0x000000000010248c                IN_LookupUp
 .text.IN_ForwardUp
                0x0000000000102528       0x9c cl_input.o
                0x0000000000102528                IN_ForwardUp
 .text.IN_LookdownUp
                0x00000000001025c4       0x9c cl_input.o
                0x00000000001025c4                IN_LookdownUp
 .text.IN_LeftUp
                0x0000000000102660       0x9c cl_input.o
                0x0000000000102660                IN_LeftUp
 .text.IN_RightUp
                0x00000000001026fc       0x9c cl_input.o
                0x00000000001026fc                IN_RightUp
 .text.IN_AttackUp
                0x0000000000102798       0x9c cl_input.o
                0x0000000000102798                IN_AttackUp
 .text.IN_DownUp
                0x0000000000102834       0x9c cl_input.o
                0x0000000000102834                IN_DownUp
 .text.IN_MLookUp
                0x00000000001028d0       0xc8 cl_input.o
                0x00000000001028d0                IN_MLookUp
 .text.CL_AdjustAngles
                0x0000000000102998      0x564 cl_input.o
                0x0000000000102998                CL_AdjustAngles
 .text.CL_BaseMove
                0x0000000000102efc      0x5a8 cl_input.o
                0x0000000000102efc                CL_BaseMove
 .text.CL_SendMove
                0x00000000001034a4      0x16c cl_input.o
                0x00000000001034a4                CL_SendMove
 .text.CL_InitInput
                0x0000000000103610      0x2c4 cl_input.o
                0x0000000000103610                CL_InitInput
 .text.CL_PrintEntities_f
                0x00000000001038d4       0xec cl_main.o
                0x00000000001038d4                CL_PrintEntities_f
 .text.CL_Disconnect_f
                0x00000000001039c0       0xf4 cl_main.o
                0x00000000001039c0                CL_Disconnect_f
 .text.CL_ClearState
                0x0000000000103ab4       0xf4 cl_main.o
                0x0000000000103ab4                CL_ClearState
 .text.CL_Disconnect
                0x0000000000103ba8       0xc4 cl_main.o
                0x0000000000103ba8                CL_Disconnect
 .text.CL_EstablishConnection
                0x0000000000103c6c      0x130 cl_main.o
                0x0000000000103c6c                CL_EstablishConnection
 .text.CL_SignonReply
                0x0000000000103d9c      0x140 cl_main.o
                0x0000000000103d9c                CL_SignonReply
 .text.CL_NextDemo
                0x0000000000103edc       0xac cl_main.o
                0x0000000000103edc                CL_NextDemo
 .text.CL_AllocDlight
                0x0000000000103f88       0xb0 cl_main.o
                0x0000000000103f88                CL_AllocDlight
 .text.CL_DecayLights
                0x0000000000104038       0x78 cl_main.o
                0x0000000000104038                CL_DecayLights
 .text.CL_RelinkEntities
                0x00000000001040b0      0xa50 cl_main.o
                0x00000000001040b0                CL_RelinkEntities
 .text.CL_ReadFromServer
                0x0000000000104b00       0xb4 cl_main.o
                0x0000000000104b00                CL_ReadFromServer
 .text.CL_SendCmd
                0x0000000000104bb4       0xb8 cl_main.o
                0x0000000000104bb4                CL_SendCmd
 .text.CL_Init  0x0000000000104c6c      0x158 cl_main.o
                0x0000000000104c6c                CL_Init
 *fill*         0x0000000000104dc4        0x4 
 .text.CL_ParseStartSoundPacket
                0x0000000000104dc8       0xfc cl_parse.o
                0x0000000000104dc8                CL_ParseStartSoundPacket
 .text.CL_KeepaliveMessage
                0x0000000000104ec4      0x150 cl_parse.o
                0x0000000000104ec4                CL_KeepaliveMessage
 .text.CL_ParseServerInfo
                0x0000000000105014      0x27c cl_parse.o
                0x0000000000105014                CL_ParseServerInfo
 .text.CL_ParseUpdate
                0x0000000000105290      0x5a0 cl_parse.o
                0x0000000000105290                CL_ParseUpdate
 .text.CL_ParseClientdata
                0x0000000000105830      0x304 cl_parse.o
                0x0000000000105830                CL_ParseClientdata
 .text.CL_NewTranslation
                0x0000000000105b34      0x208 cl_parse.o
                0x0000000000105b34                CL_NewTranslation
 .text.CL_ParseStatic
                0x0000000000105d3c      0x108 cl_parse.o
                0x0000000000105d3c                CL_ParseStatic
 .text.CL_ParseServerMessage
                0x0000000000105e44      0x710 cl_parse.o
                0x0000000000105e44                CL_ParseServerMessage
 .text.CL_InitTEnts
                0x0000000000106554       0xb0 cl_tent.o
                0x0000000000106554                CL_InitTEnts
 *fill*         0x0000000000106604        0x4 
 .text.CL_ParseBeam
                0x0000000000106608      0x134 cl_tent.o
                0x0000000000106608                CL_ParseBeam
 *fill*         0x000000000010673c        0x4 
 .text.CL_ParseTEnt
                0x0000000000106740      0x398 cl_tent.o
                0x0000000000106740                CL_ParseTEnt
 .text.CL_UpdateTEnts
                0x0000000000106ad8      0x2d0 cl_tent.o
                0x0000000000106ad8                CL_UpdateTEnts
 .text.Cmd_Wait_f
                0x0000000000106da8       0x14 cmd.o
                0x0000000000106da8                Cmd_Wait_f
 .text.Cmd_Echo_f
                0x0000000000106dbc       0x64 cmd.o
                0x0000000000106dbc                Cmd_Echo_f
 .text.Cmd_ForwardToServer
                0x0000000000106e20       0xf0 cmd.o
                0x0000000000106e20                Cmd_ForwardToServer
 .text.Cmd_Alias_f
                0x0000000000106f10      0x1c0 cmd.o
                0x0000000000106f10                Cmd_Alias_f
 .text.Cbuf_Init
                0x00000000001070d0       0x10 cmd.o
                0x00000000001070d0                Cbuf_Init
 .text.Cbuf_AddText
                0x00000000001070e0       0x4c cmd.o
                0x00000000001070e0                Cbuf_AddText
 .text.Cbuf_InsertText
                0x000000000010712c       0xb8 cmd.o
                0x000000000010712c                Cbuf_InsertText
 .text.Cmd_StuffCmds_f
                0x00000000001071e4      0x1ec cmd.o
                0x00000000001071e4                Cmd_StuffCmds_f
 .text.Cmd_Exec_f
                0x00000000001073d0       0x98 cmd.o
                0x00000000001073d0                Cmd_Exec_f
 .text.Cmd_Init
                0x0000000000107468      0x468 cmd.o
                0x0000000000107468                Cmd_Init
 .text.Cmd_Argc
                0x00000000001078d0       0x10 cmd.o
                0x00000000001078d0                Cmd_Argc
 .text.Cmd_Argv
                0x00000000001078e0       0x24 cmd.o
                0x00000000001078e0                Cmd_Argv
 .text.Cmd_Args
                0x0000000000107904       0x10 cmd.o
                0x0000000000107904                Cmd_Args
 .text.Cmd_TokenizeString
                0x0000000000107914       0xe8 cmd.o
                0x0000000000107914                Cmd_TokenizeString
 .text.Cmd_AddCommand
                0x00000000001079fc       0xbc cmd.o
                0x00000000001079fc                Cmd_AddCommand
 .text.Cmd_Exists
                0x0000000000107ab8       0x50 cmd.o
                0x0000000000107ab8                Cmd_Exists
 .text.Cmd_CompleteCommand
                0x0000000000107b08       0x74 cmd.o
                0x0000000000107b08                Cmd_CompleteCommand
 .text.Cmd_ExecuteString
                0x0000000000107b7c       0xe0 cmd.o
                0x0000000000107b7c                Cmd_ExecuteString
 .text.Cbuf_Execute
                0x0000000000107c5c      0x114 cmd.o
                0x0000000000107c5c                Cbuf_Execute
 .text.ShortSwap
                0x0000000000107d70        0x8 common.o
                0x0000000000107d70                ShortSwap
 .text.ShortNoSwap
                0x0000000000107d78        0x4 common.o
                0x0000000000107d78                ShortNoSwap
 .text.LongSwap
                0x0000000000107d7c       0x20 common.o
                0x0000000000107d7c                LongSwap
 .text.LongNoSwap
                0x0000000000107d9c        0x4 common.o
                0x0000000000107d9c                LongNoSwap
 .text.FloatSwap
                0x0000000000107da0       0x28 common.o
                0x0000000000107da0                FloatSwap
 .text.FloatNoSwap
                0x0000000000107dc8        0x4 common.o
                0x0000000000107dc8                FloatNoSwap
 .text.COM_Path_f
                0x0000000000107dcc       0x78 common.o
                0x0000000000107dcc                COM_Path_f
 .text.ClearLink
                0x0000000000107e44        0xc common.o
                0x0000000000107e44                ClearLink
 .text.RemoveLink
                0x0000000000107e50       0x14 common.o
                0x0000000000107e50                RemoveLink
 .text.InsertLinkBefore
                0x0000000000107e64       0x1c common.o
                0x0000000000107e64                InsertLinkBefore
 .text.MSG_WriteChar
                0x0000000000107e80       0x90 common.o
                0x0000000000107e80                MSG_WriteChar
 .text.MSG_WriteByte
                0x0000000000107f10       0x90 common.o
                0x0000000000107f10                MSG_WriteByte
 .text.MSG_WriteShort
                0x0000000000107fa0       0x9c common.o
                0x0000000000107fa0                MSG_WriteShort
 .text.MSG_WriteLong
                0x000000000010803c       0xac common.o
                0x000000000010803c                MSG_WriteLong
 .text.MSG_WriteFloat
                0x00000000001080e8       0xa4 common.o
                0x00000000001080e8                MSG_WriteFloat
 .text.MSG_WriteString
                0x000000000010818c      0x124 common.o
                0x000000000010818c                MSG_WriteString
 .text.MSG_WriteCoord
                0x00000000001082b0       0xac common.o
                0x00000000001082b0                MSG_WriteCoord
 .text.MSG_WriteAngle
                0x000000000010835c       0xb4 common.o
                0x000000000010835c                MSG_WriteAngle
 .text.MSG_BeginReading
                0x0000000000108410       0x20 common.o
                0x0000000000108410                MSG_BeginReading
 .text.MSG_ReadChar
                0x0000000000108430       0x44 common.o
                0x0000000000108430                MSG_ReadChar
 .text.MSG_ReadByte
                0x0000000000108474       0x44 common.o
                0x0000000000108474                MSG_ReadByte
 .text.MSG_ReadShort
                0x00000000001084b8       0x64 common.o
                0x00000000001084b8                MSG_ReadShort
 .text.MSG_ReadLong
                0x000000000010851c       0x70 common.o
                0x000000000010851c                MSG_ReadLong
 .text.MSG_ReadFloat
                0x000000000010858c       0x40 common.o
                0x000000000010858c                MSG_ReadFloat
 .text.MSG_ReadString
                0x00000000001085cc       0x98 common.o
                0x00000000001085cc                MSG_ReadString
 *fill*         0x0000000000108664        0x4 
 .text.MSG_ReadCoord
                0x0000000000108668       0x80 common.o
                0x0000000000108668                MSG_ReadCoord
 .text.MSG_ReadAngle
                0x00000000001086e8       0x70 common.o
                0x00000000001086e8                MSG_ReadAngle
 .text.SZ_Alloc
                0x0000000000108758       0x34 common.o
                0x0000000000108758                SZ_Alloc
 .text.SZ_Clear
                0x000000000010878c        0xc common.o
                0x000000000010878c                SZ_Clear
 .text.SZ_Write
                0x0000000000108798       0xa0 common.o
                0x0000000000108798                SZ_Write
 .text.SZ_Print
                0x0000000000108838      0x134 common.o
                0x0000000000108838                SZ_Print
 .text.COM_FileBase
                0x000000000010896c       0xc8 common.o
                0x000000000010896c                COM_FileBase
 .text.COM_DefaultExtension
                0x0000000000108a34       0x60 common.o
                0x0000000000108a34                COM_DefaultExtension
 .text.COM_Parse
                0x0000000000108a94      0x178 common.o
                0x0000000000108a94                COM_Parse
 .text.COM_CheckParm
                0x0000000000108c0c       0x60 common.o
                0x0000000000108c0c                COM_CheckParm
 .text.COM_InitArgv
                0x0000000000108c6c      0x290 common.o
                0x0000000000108c6c                COM_InitArgv
 .text.va       0x0000000000108efc       0x40 common.o
                0x0000000000108efc                va
 .text.COM_WriteFile
                0x0000000000108f3c       0x88 common.o
                0x0000000000108f3c                COM_WriteFile
 .text.COM_CopyFile
                0x0000000000108fc4       0xf8 common.o
                0x0000000000108fc4                COM_CopyFile
 .text.COM_FindFile
                0x00000000001090bc      0x304 common.o
                0x00000000001090bc                COM_FindFile
 .text.COM_FOpenFile
                0x00000000001093c0        0xc common.o
                0x00000000001093c0                COM_FOpenFile
 .text.COM_LoadFile
                0x00000000001093cc      0x23c common.o
                0x00000000001093cc                COM_LoadFile
 .text.COM_LoadHunkFile
                0x0000000000109608        0x8 common.o
                0x0000000000109608                COM_LoadHunkFile
 .text.COM_LoadCacheFile
                0x0000000000109610       0x14 common.o
                0x0000000000109610                COM_LoadCacheFile
 .text.COM_LoadStackFile
                0x0000000000109624       0x20 common.o
                0x0000000000109624                COM_LoadStackFile
 .text.COM_LoadPackFile
                0x0000000000109644      0x1fc common.o
                0x0000000000109644                COM_LoadPackFile
 .text.COM_InitFilesystem
                0x0000000000109840      0x778 common.o
                0x0000000000109840                COM_InitFilesystem
 .text.COM_Init
                0x0000000000109fb8      0x194 common.o
                0x0000000000109fb8                COM_Init
 .text.Con_MessageMode_f
                0x000000000010a14c       0x24 console.o
                0x000000000010a14c                Con_MessageMode_f
 .text.Con_MessageMode2_f
                0x000000000010a170       0x24 console.o
                0x000000000010a170                Con_MessageMode2_f
 .text.Con_ToggleConsole_f
                0x000000000010a194       0x94 console.o
                0x000000000010a194                Con_ToggleConsole_f
 .text.Con_Clear_f
                0x000000000010a228       0x20 console.o
                0x000000000010a228                Con_Clear_f
 .text.Con_ClearNotify
                0x000000000010a248       0x20 console.o
                0x000000000010a248                Con_ClearNotify
 .text.Con_CheckResize
                0x000000000010a268      0x1cc console.o
                0x000000000010a268                Con_CheckResize
 .text.Con_Print
                0x000000000010a434      0x21c console.o
                0x000000000010a434                Con_Print
 .text.Con_DebugLog
                0x000000000010a650       0x7c console.o
                0x000000000010a650                Con_DebugLog
 .text.Con_Printf
                0x000000000010a6cc      0x108 console.o
                0x000000000010a6cc                Con_Printf
 .text.Con_Init
                0x000000000010a7d4      0x12c console.o
                0x000000000010a7d4                Con_Init
 .text.Con_DPrintf
                0x000000000010a900       0x74 console.o
                0x000000000010a900                Con_DPrintf
 .text.Con_DrawInput
                0x000000000010a974      0x134 console.o
                0x000000000010a974                Con_DrawInput
 .text.Con_DrawNotify
                0x000000000010aaa8      0x1f8 console.o
                0x000000000010aaa8                Con_DrawNotify
 .text.Con_DrawConsole
                0x000000000010aca0       0xf0 console.o
                0x000000000010aca0                Con_DrawConsole
 .text.CRC_Init
                0x000000000010ad90        0xc crc.o
                0x000000000010ad90                CRC_Init
 .text.CRC_ProcessByte
                0x000000000010ad9c       0x24 crc.o
                0x000000000010ad9c                CRC_ProcessByte
 .text.Cvar_FindVar
                0x000000000010adc0       0x48 cvar.o
                0x000000000010adc0                Cvar_FindVar
 .text.Cvar_VariableValue
                0x000000000010ae08       0x5c cvar.o
                0x000000000010ae08                Cvar_VariableValue
 .text.Cvar_VariableString
                0x000000000010ae64       0x58 cvar.o
                0x000000000010ae64                Cvar_VariableString
 .text.Cvar_CompleteVariable
                0x000000000010aebc       0x74 cvar.o
                0x000000000010aebc                Cvar_CompleteVariable
 .text.Cvar_Set
                0x000000000010af30       0xf0 cvar.o
                0x000000000010af30                Cvar_Set
 .text.Cvar_SetValue
                0x000000000010b020       0x38 cvar.o
                0x000000000010b020                Cvar_SetValue
 .text.Cvar_RegisterVariable
                0x000000000010b058       0xbc cvar.o
                0x000000000010b058                Cvar_RegisterVariable
 .text.Cvar_Command
                0x000000000010b114       0x98 cvar.o
                0x000000000010b114                Cvar_Command
 .text.Cvar_WriteVariables
                0x000000000010b1ac       0x60 cvar.o
                0x000000000010b1ac                Cvar_WriteVariables
 .text.Host_FindMaxClients
                0x000000000010b20c      0x198 host.o
                0x000000000010b20c                Host_FindMaxClients
 .text.SV_ClientPrintf
                0x000000000010b3a4       0x68 host.o
                0x000000000010b3a4                SV_ClientPrintf
 .text.SV_BroadcastPrintf
                0x000000000010b40c       0xcc host.o
                0x000000000010b40c                SV_BroadcastPrintf
 .text.Host_ClientCommands
                0x000000000010b4d8       0x68 host.o
                0x000000000010b4d8                Host_ClientCommands
 .text.SV_DropClient
                0x000000000010b540      0x218 host.o
                0x000000000010b540                SV_DropClient
 .text.Host_ShutdownServer.part.1
                0x000000000010b758      0x210 host.o
 .text.Host_EndGame
                0x000000000010b968       0xa8 host.o
                0x000000000010b968                Host_EndGame
 .text.Host_Error
                0x000000000010ba10       0xd4 host.o
                0x000000000010ba10                Host_Error
 .text.Host_ShutdownServer
                0x000000000010bae4       0x18 host.o
                0x000000000010bae4                Host_ShutdownServer
 .text.Host_ClearMemory
                0x000000000010bafc       0x74 host.o
                0x000000000010bafc                Host_ClearMemory
 .text._Host_Frame
                0x000000000010bb70      0x354 host.o
                0x000000000010bb70                _Host_Frame
 *fill*         0x000000000010bec4        0x4 
 .text.Host_Frame
                0x000000000010bec8      0x100 host.o
                0x000000000010bec8                Host_Frame
 .text.Host_InitVCR
                0x000000000010bfc8      0x280 host.o
                0x000000000010bfc8                Host_InitVCR
 .text.Host_Init
                0x000000000010c248      0x308 host.o
                0x000000000010c248                Host_Init
 .text.Host_Shutdown
                0x000000000010c550       0xe0 host.o
                0x000000000010c550                Host_Shutdown
 .text.Host_Quit_f
                0x000000000010c630       0x44 host_cmd.o
                0x000000000010c630                Host_Quit_f
 .text.Host_Version_f
                0x000000000010c674       0x30 host_cmd.o
                0x000000000010c674                Host_Version_f
 .text.Host_Begin_f
                0x000000000010c6a4       0x38 host_cmd.o
                0x000000000010c6a4                Host_Begin_f
 .text.Host_God_f
                0x000000000010c6dc       0x9c host_cmd.o
                0x000000000010c6dc                Host_God_f
 .text.Host_Notarget_f
                0x000000000010c778       0x9c host_cmd.o
                0x000000000010c778                Host_Notarget_f
 .text.Host_Noclip_f
                0x000000000010c814       0xb4 host_cmd.o
                0x000000000010c814                Host_Noclip_f
 .text.Host_Fly_f
                0x000000000010c8c8       0x98 host_cmd.o
                0x000000000010c8c8                Host_Fly_f
 .text.Host_Ping_f
                0x000000000010c960      0x124 host_cmd.o
                0x000000000010c960                Host_Ping_f
 .text.Host_Status_f
                0x000000000010ca84      0x214 host_cmd.o
                0x000000000010ca84                Host_Status_f
 .text.Host_Reconnect_f
                0x000000000010cc98       0x1c host_cmd.o
                0x000000000010cc98                Host_Reconnect_f
 .text.Host_Map_f
                0x000000000010ccb4      0x170 host_cmd.o
                0x000000000010ccb4                Host_Map_f
 .text.Host_Connect_f
                0x000000000010ce24       0x5c host_cmd.o
                0x000000000010ce24                Host_Connect_f
 .text.Host_Loadgame_f
                0x000000000010ce80      0x4c0 host_cmd.o
                0x000000000010ce80                Host_Loadgame_f
 .text.Host_Name_f
                0x000000000010d340      0x1a0 host_cmd.o
                0x000000000010d340                Host_Name_f
 .text.Host_Color_f
                0x000000000010d4e0      0x15c host_cmd.o
                0x000000000010d4e0                Host_Color_f
 .text.Host_Kill_f
                0x000000000010d63c       0x74 host_cmd.o
                0x000000000010d63c                Host_Kill_f
 .text.Host_Pause_f
                0x000000000010d6b0       0xac host_cmd.o
                0x000000000010d6b0                Host_Pause_f
 .text.Host_PreSpawn_f
                0x000000000010d75c       0x94 host_cmd.o
                0x000000000010d75c                Host_PreSpawn_f
 .text.Host_Spawn_f
                0x000000000010d7f0      0x4f4 host_cmd.o
                0x000000000010d7f0                Host_Spawn_f
 *fill*         0x000000000010dce4        0x4 
 .text.Host_Kick_f
                0x000000000010dce8      0x27c host_cmd.o
                0x000000000010dce8                Host_Kick_f
 .text.Host_Restart_f
                0x000000000010df64       0x60 host_cmd.o
                0x000000000010df64                Host_Restart_f
 .text.Host_Changelevel_f
                0x000000000010dfc4       0x88 host_cmd.o
                0x000000000010dfc4                Host_Changelevel_f
 .text.Host_Stopdemo_f
                0x000000000010e04c       0x30 host_cmd.o
                0x000000000010e04c                Host_Stopdemo_f
 .text.Host_Tell_f
                0x000000000010e07c      0x17c host_cmd.o
                0x000000000010e07c                Host_Tell_f
 .text.Host_Give_f
                0x000000000010e1f8      0x544 host_cmd.o
                0x000000000010e1f8                Host_Give_f
 .text.Host_Startdemos_f
                0x000000000010e73c      0x100 host_cmd.o
                0x000000000010e73c                Host_Startdemos_f
 .text.Host_Demos_f
                0x000000000010e83c       0x34 host_cmd.o
                0x000000000010e83c                Host_Demos_f
 .text.Host_Viewprev_f
                0x000000000010e870       0xf0 host_cmd.o
                0x000000000010e870                Host_Viewprev_f
 .text.Host_Viewmodel_f
                0x000000000010e960       0xd4 host_cmd.o
                0x000000000010e960                Host_Viewmodel_f
 .text.Host_Viewframe_f
                0x000000000010ea34       0xbc host_cmd.o
                0x000000000010ea34                Host_Viewframe_f
 .text.Host_Viewnext_f
                0x000000000010eaf0      0x118 host_cmd.o
                0x000000000010eaf0                Host_Viewnext_f
 .text.Host_SavegameComment
                0x000000000010ec08       0xa0 host_cmd.o
                0x000000000010ec08                Host_SavegameComment
 .text.Host_Savegame_f
                0x000000000010eca8      0x308 host_cmd.o
                0x000000000010eca8                Host_Savegame_f
 .text.Host_Say
                0x000000000010efb0      0x230 host_cmd.o
                0x000000000010efb0                Host_Say
 .text.Host_Say_f
                0x000000000010f1e0        0x8 host_cmd.o
                0x000000000010f1e0                Host_Say_f
 .text.Host_Say_Team_f
                0x000000000010f1e8        0x8 host_cmd.o
                0x000000000010f1e8                Host_Say_Team_f
 .text.Host_InitCommands
                0x000000000010f1f0      0x2c4 host_cmd.o
                0x000000000010f1f0                Host_InitCommands
 .text.Key_Unbindall_f
                0x000000000010f4b4       0x4c keys.o
                0x000000000010f4b4                Key_Unbindall_f
 .text.Key_Unbind_f
                0x000000000010f500       0xdc keys.o
                0x000000000010f500                Key_Unbind_f
 .text.Key_Bind_f
                0x000000000010f5dc      0x17c keys.o
                0x000000000010f5dc                Key_Bind_f
 .text.Key_Console
                0x000000000010f758      0x338 keys.o
                0x000000000010f758                Key_Console
 .text.Key_KeynumToString
                0x000000000010fa90       0x8c keys.o
                0x000000000010fa90                Key_KeynumToString
 .text.Key_SetBinding
                0x000000000010fb1c       0x60 keys.o
                0x000000000010fb1c                Key_SetBinding
 .text.Key_WriteBindings
                0x000000000010fb7c       0xd0 keys.o
                0x000000000010fb7c                Key_WriteBindings
 .text.Key_Init
                0x000000000010fc4c      0x1e0 keys.o
                0x000000000010fc4c                Key_Init
 .text.Key_Event
                0x000000000010fe2c      0x448 keys.o
                0x000000000010fe2c                Key_Event
 *fill*         0x0000000000110274        0x4 
 .text.anglemod
                0x0000000000110278       0x48 mathlib.o
                0x0000000000110278                anglemod
 .text.BoxOnPlaneSide
                0x00000000001102c0      0x188 mathlib.o
                0x00000000001102c0                BoxOnPlaneSide
 .text.AngleVectors
                0x0000000000110448      0x118 mathlib.o
                0x0000000000110448                AngleVectors
 .text.VectorMA
                0x0000000000110560       0x34 mathlib.o
                0x0000000000110560                VectorMA
 .text.CrossProduct
                0x0000000000110594       0x58 mathlib.o
                0x0000000000110594                CrossProduct
 .text.Length   0x00000000001105ec       0x28 mathlib.o
                0x00000000001105ec                Length
 .text.VectorNormalize
                0x0000000000110614       0x58 mathlib.o
                0x0000000000110614                VectorNormalize
 .text.VectorInverse
                0x000000000011066c       0x28 mathlib.o
                0x000000000011066c                VectorInverse
 .text.VectorScale
                0x0000000000110694       0x28 mathlib.o
                0x0000000000110694                VectorScale
 .text.R_ConcatRotations
                0x00000000001106bc      0x13c mathlib.o
                0x00000000001106bc                R_ConcatRotations
 .text.R_ConcatTransforms
                0x00000000001107f8      0x1b4 mathlib.o
                0x00000000001107f8                R_ConcatTransforms
 .text.FloorDivMod
                0x00000000001109ac       0xd4 mathlib.o
                0x00000000001109ac                FloorDivMod
 .text.GreatestCommonDivisor
                0x0000000000110a80       0x60 mathlib.o
                0x0000000000110a80                GreatestCommonDivisor
 .text.M_Menu_Main_f
                0x0000000000110ae0       0x5c menu.o
                0x0000000000110ae0                M_Menu_Main_f
 .text.M_Menu_SinglePlayer_f
                0x0000000000110b3c       0x38 menu.o
                0x0000000000110b3c                M_Menu_SinglePlayer_f
 .text.M_Menu_MultiPlayer_f
                0x0000000000110b74       0x38 menu.o
                0x0000000000110b74                M_Menu_MultiPlayer_f
 .text.M_Menu_Options_f
                0x0000000000110bac       0x38 menu.o
                0x0000000000110bac                M_Menu_Options_f
 .text.M_Menu_Keys_f
                0x0000000000110be4       0x38 menu.o
                0x0000000000110be4                M_Menu_Keys_f
 .text.M_Menu_Video_f
                0x0000000000110c1c       0x38 menu.o
                0x0000000000110c1c                M_Menu_Video_f
 .text.M_Menu_Help_f
                0x0000000000110c54       0x48 menu.o
                0x0000000000110c54                M_Menu_Help_f
 .text.M_Pause_f
                0x0000000000110c9c       0x38 menu.o
                0x0000000000110c9c                M_Pause_f
 .text.M_Menu_Setup_f
                0x0000000000110cd4       0xb4 menu.o
                0x0000000000110cd4                M_Menu_Setup_f
 .text.M_Menu_Quit_f
                0x0000000000110d88       0x80 menu.o
                0x0000000000110d88                M_Menu_Quit_f
 .text.M_ToggleMenu_f
                0x0000000000110e08       0xb8 menu.o
                0x0000000000110e08                M_ToggleMenu_f
 .text.M_DrawTextBox.constprop.11
                0x0000000000110ec0      0x1b4 menu.o
 .text.M_DrawTextBox.constprop.12
                0x0000000000111074      0x240 menu.o
 .text.M_DrawTransPic
                0x00000000001112b4       0x18 menu.o
                0x00000000001112b4                M_DrawTransPic
 .text.M_DrawPic
                0x00000000001112cc       0x18 menu.o
                0x00000000001112cc                M_DrawPic
 .text.M_BuildTranslationTable
                0x00000000001112e4      0x234 menu.o
                0x00000000001112e4                M_BuildTranslationTable
 .text.M_Main_Draw
                0x0000000000111518      0x124 menu.o
                0x0000000000111518                M_Main_Draw
 .text.M_Main_Key
                0x000000000011163c      0x1a4 menu.o
                0x000000000011163c                M_Main_Key
 .text.M_SinglePlayer_Draw
                0x00000000001117e0       0xf4 menu.o
                0x00000000001117e0                M_SinglePlayer_Draw
 .text.M_ScanSaves
                0x00000000001118d4      0x10c menu.o
                0x00000000001118d4                M_ScanSaves
 .text.M_Menu_Load_f
                0x00000000001119e0       0x30 menu.o
                0x00000000001119e0                M_Menu_Load_f
 .text.M_Menu_Save_f
                0x0000000000111a10       0x74 menu.o
                0x0000000000111a10                M_Menu_Save_f
 .text.M_SinglePlayer_Key
                0x0000000000111a84      0x1ec menu.o
                0x0000000000111a84                M_SinglePlayer_Key
 .text.M_Load_Draw
                0x0000000000111c70       0xf4 menu.o
                0x0000000000111c70                M_Load_Draw
 *fill*         0x0000000000111d64        0x4 
 .text.M_Save_Draw
                0x0000000000111d68       0xf4 menu.o
                0x0000000000111d68                M_Save_Draw
 .text.M_Load_Key
                0x0000000000111e5c      0x118 menu.o
                0x0000000000111e5c                M_Load_Key
 .text.M_Save_Key
                0x0000000000111f74       0xf0 menu.o
                0x0000000000111f74                M_Save_Key
 *fill*         0x0000000000112064        0x4 
 .text.M_MultiPlayer_Draw
                0x0000000000112068      0x190 menu.o
                0x0000000000112068                M_MultiPlayer_Draw
 .text.M_MultiPlayer_Key
                0x00000000001121f8      0x2f0 menu.o
                0x00000000001121f8                M_MultiPlayer_Key
 .text.M_Setup_Draw
                0x00000000001124e8      0x3a8 menu.o
                0x00000000001124e8                M_Setup_Draw
 .text.M_Setup_Key
                0x0000000000112890      0x430 menu.o
                0x0000000000112890                M_Setup_Key
 .text.M_Menu_Net_f
                0x0000000000112cc0      0x108 menu.o
                0x0000000000112cc0                M_Menu_Net_f
 .text.M_Net_Draw
                0x0000000000112dc8      0x37c menu.o
                0x0000000000112dc8                M_Net_Draw
 *fill*         0x0000000000113144        0x4 
 .text.M_AdjustSliders
                0x0000000000113148      0x3f4 menu.o
                0x0000000000113148                M_AdjustSliders
 .text.M_DrawSlider
                0x000000000011353c       0xdc menu.o
                0x000000000011353c                M_DrawSlider
 .text.M_Options_Draw
                0x0000000000113618      0x830 menu.o
                0x0000000000113618                M_Options_Draw
 .text.M_Options_Key
                0x0000000000113e48      0x1a4 menu.o
                0x0000000000113e48                M_Options_Key
 *fill*         0x0000000000113fec        0x4 
 .text.M_Keys_Draw
                0x0000000000113ff0      0x390 menu.o
                0x0000000000113ff0                M_Keys_Draw
 .text.M_Keys_Key
                0x0000000000114380      0x2e4 menu.o
                0x0000000000114380                M_Keys_Key
 .text.M_Menu_SerialConfig_f
                0x0000000000114664      0x1a0 menu.o
                0x0000000000114664                M_Menu_SerialConfig_f
 .text.M_Net_Key
                0x0000000000114804      0x2b0 menu.o
                0x0000000000114804                M_Net_Key
 *fill*         0x0000000000114ab4        0x4 
 .text.M_SerialConfig_Draw
                0x0000000000114ab8      0x58c menu.o
                0x0000000000114ab8                M_SerialConfig_Draw
 .text.M_SerialConfig_Key
                0x0000000000115044      0x5d4 menu.o
                0x0000000000115044                M_SerialConfig_Key
 .text.M_ModemConfig_Draw
                0x0000000000115618      0x4a8 menu.o
                0x0000000000115618                M_ModemConfig_Draw
 .text.M_ModemConfig_Key
                0x0000000000115ac0      0x26c menu.o
                0x0000000000115ac0                M_ModemConfig_Key
 *fill*         0x0000000000115d2c        0x4 
 .text.M_LanConfig_Draw
                0x0000000000115d30      0x4e0 menu.o
                0x0000000000115d30                M_LanConfig_Draw
 .text.M_LanConfig_Key
                0x0000000000116210      0x3e0 menu.o
                0x0000000000116210                M_LanConfig_Key
 .text.M_Pause_Draw
                0x00000000001165f0      0x124 menu.o
                0x00000000001165f0                M_Pause_Draw
 .text.M_Pause_Key
                0x0000000000116714      0x194 menu.o
                0x0000000000116714                M_Pause_Key
 .text.M_GameOptions_Draw
                0x00000000001168a8      0x708 menu.o
                0x00000000001168a8                M_GameOptions_Draw
 .text.M_NetStart_Change
                0x0000000000116fb0      0x2cc menu.o
                0x0000000000116fb0                M_NetStart_Change
 .text.M_GameOptions_Key
                0x000000000011727c      0x24c menu.o
                0x000000000011727c                M_GameOptions_Key
 .text.M_Search_Draw
                0x00000000001174c8      0x294 menu.o
                0x00000000001174c8                M_Search_Draw
 *fill*         0x000000000011775c        0x4 
 .text.M_ServerList_Draw
                0x0000000000117760      0x26c menu.o
                0x0000000000117760                M_ServerList_Draw
 .text.M_Quit_Draw
                0x00000000001179cc      0x334 menu.o
                0x00000000001179cc                M_Quit_Draw
 .text.M_ServerList_Key
                0x0000000000117d00      0x260 menu.o
                0x0000000000117d00                M_ServerList_Key
 .text.M_Init   0x0000000000117f60      0x10c menu.o
                0x0000000000117f60                M_Init
 .text.M_Draw   0x000000000011806c      0x204 menu.o
                0x000000000011806c                M_Draw
 .text.M_Keydown
                0x0000000000118270      0x21c menu.o
                0x0000000000118270                M_Keydown
 .text.NET_Ban_f
                0x000000000011848c      0x194 net_dgrm.o
                0x000000000011848c                NET_Ban_f
 .text.Test_Poll
                0x0000000000118620      0x19c net_dgrm.o
 *fill*         0x00000000001187bc        0x4 
 .text.Test_f   0x00000000001187c0      0x238 net_dgrm.o
 .text.Test2_Poll
                0x00000000001189f8      0x1c8 net_dgrm.o
 .text.Test2_f  0x0000000000118bc0      0x1fc net_dgrm.o
 .text.NET_Stats_f
                0x0000000000118dbc      0x28c net_dgrm.o
                0x0000000000118dbc                NET_Stats_f
 .text.Datagram_SendMessage
                0x0000000000119048      0x160 net_dgrm.o
                0x0000000000119048                Datagram_SendMessage
 .text.SendMessageNext
                0x00000000001191a8       0xe0 net_dgrm.o
                0x00000000001191a8                SendMessageNext
 .text.ReSendMessage
                0x0000000000119288       0xd8 net_dgrm.o
                0x0000000000119288                ReSendMessage
 .text.Datagram_CanSendMessage
                0x0000000000119360       0xf8 net_dgrm.o
                0x0000000000119360                Datagram_CanSendMessage
 .text.Datagram_CanSendUnreliableMessage
                0x0000000000119458        0x8 net_dgrm.o
                0x0000000000119458                Datagram_CanSendUnreliableMessage
 .text.Datagram_SendUnreliableMessage
                0x0000000000119460       0xec net_dgrm.o
                0x0000000000119460                Datagram_SendUnreliableMessage
 *fill*         0x000000000011954c        0x4 
 .text.Datagram_GetMessage
                0x0000000000119550      0x3f0 net_dgrm.o
                0x0000000000119550                Datagram_GetMessage
 .text.Datagram_Init
                0x0000000000119940       0xdc net_dgrm.o
                0x0000000000119940                Datagram_Init
 .text.Datagram_Shutdown
                0x0000000000119a1c      0x1ac net_dgrm.o
                0x0000000000119a1c                Datagram_Shutdown
 .text.Datagram_Close
                0x0000000000119bc8       0x20 net_dgrm.o
                0x0000000000119bc8                Datagram_Close
 .text.Datagram_Listen
                0x0000000000119be8      0x18c net_dgrm.o
                0x0000000000119be8                Datagram_Listen
 *fill*         0x0000000000119d74        0x4 
 .text.Datagram_CheckNewConnections
                0x0000000000119d78      0x81c net_dgrm.o
                0x0000000000119d78                Datagram_CheckNewConnections
 .text.Datagram_SearchForHosts
                0x000000000011a594      0x4b4 net_dgrm.o
                0x000000000011a594                Datagram_SearchForHosts
 .text.Datagram_Connect
                0x000000000011aa48      0x594 net_dgrm.o
                0x000000000011aa48                Datagram_Connect
 .text.Loop_Init
                0x000000000011afdc       0x1c net_loop.o
                0x000000000011afdc                Loop_Init
 .text.Loop_Shutdown
                0x000000000011aff8        0x4 net_loop.o
                0x000000000011aff8                Loop_Shutdown
 .text.Loop_Listen
                0x000000000011affc        0x4 net_loop.o
                0x000000000011affc                Loop_Listen
 .text.Loop_SearchForHosts
                0x000000000011b000       0xd4 net_loop.o
                0x000000000011b000                Loop_SearchForHosts
 .text.Loop_Connect
                0x000000000011b0d4      0x110 net_loop.o
                0x000000000011b0d4                Loop_Connect
 .text.Loop_CheckNewConnections
                0x000000000011b1e4       0x50 net_loop.o
                0x000000000011b1e4                Loop_CheckNewConnections
 .text.Loop_GetMessage
                0x000000000011b234       0xb0 net_loop.o
                0x000000000011b234                Loop_GetMessage
 .text.Loop_SendMessage
                0x000000000011b2e4       0xb8 net_loop.o
                0x000000000011b2e4                Loop_SendMessage
 .text.Loop_SendUnreliableMessage
                0x000000000011b39c       0x98 net_loop.o
                0x000000000011b39c                Loop_SendUnreliableMessage
 .text.Loop_CanSendMessage
                0x000000000011b434       0x14 net_loop.o
                0x000000000011b434                Loop_CanSendMessage
 .text.Loop_CanSendUnreliableMessage
                0x000000000011b448        0x8 net_loop.o
                0x000000000011b448                Loop_CanSendUnreliableMessage
 .text.Loop_Close
                0x000000000011b450       0x48 net_loop.o
                0x000000000011b450                Loop_Close
 .text.NET_Listen_f
                0x000000000011b498       0xcc net_main.o
 .text.NET_Port_f
                0x000000000011b564       0xa0 net_main.o
 .text.MaxPlayers_f
                0x000000000011b604      0x118 net_main.o
 *fill*         0x000000000011b71c        0x4 
 .text.NET_Slist_f
                0x000000000011b720      0x154 net_main.o
                0x000000000011b720                NET_Slist_f
 *fill*         0x000000000011b874        0x4 
 .text.Slist_Send
                0x000000000011b878      0x148 net_main.o
 .text.Slist_Poll
                0x000000000011b9c0      0x244 net_main.o
 .text.SetNetTime
                0x000000000011bc04       0x18 net_main.o
                0x000000000011bc04                SetNetTime
 .text.NET_NewQSocket
                0x000000000011bc1c       0xd8 net_main.o
                0x000000000011bc1c                NET_NewQSocket
 .text.NET_FreeQSocket
                0x000000000011bcf4       0x88 net_main.o
                0x000000000011bcf4                NET_FreeQSocket
 .text.NET_CheckNewConnections
                0x000000000011bd7c      0x154 net_main.o
                0x000000000011bd7c                NET_CheckNewConnections
 .text.NET_Close
                0x000000000011bed0       0xc8 net_main.o
                0x000000000011bed0                NET_Close
 .text.NET_GetMessage
                0x000000000011bf98      0x264 net_main.o
                0x000000000011bf98                NET_GetMessage
 .text.NET_SendMessage
                0x000000000011c1fc       0xf0 net_main.o
                0x000000000011c1fc                NET_SendMessage
 .text.NET_SendUnreliableMessage
                0x000000000011c2ec       0xf0 net_main.o
                0x000000000011c2ec                NET_SendUnreliableMessage
 .text.NET_CanSendMessage
                0x000000000011c3dc       0xb4 net_main.o
                0x000000000011c3dc                NET_CanSendMessage
 .text.NET_SendToAll
                0x000000000011c490      0x478 net_main.o
                0x000000000011c490                NET_SendToAll
 .text.NET_Init
                0x000000000011c908      0x388 net_main.o
                0x000000000011c908                NET_Init
 .text.NET_Shutdown
                0x000000000011cc90      0x1a0 net_main.o
                0x000000000011cc90                NET_Shutdown
 .text.NET_Poll
                0x000000000011ce30      0x128 net_main.o
                0x000000000011ce30                NET_Poll
 .text.NET_Connect
                0x000000000011cf58      0x450 net_main.o
                0x000000000011cf58                NET_Connect
 .text.SchedulePollProcedure
                0x000000000011d3a8       0x84 net_main.o
                0x000000000011d3a8                SchedulePollProcedure
 .text.VCR_Shutdown
                0x000000000011d42c        0x4 net_vcr.o
                0x000000000011d42c                VCR_Shutdown
 .text.VCR_Close
                0x000000000011d430        0x4 net_vcr.o
                0x000000000011d430                VCR_Close
 .text.VCR_SearchForHosts
                0x000000000011d434        0x4 net_vcr.o
                0x000000000011d434                VCR_SearchForHosts
 .text.VCR_Connect
                0x000000000011d438        0x8 net_vcr.o
                0x000000000011d438                VCR_Connect
 .text.VCR_Init
                0x000000000011d440       0x9c net_vcr.o
                0x000000000011d440                VCR_Init
 .text.VCR_SendMessage
                0x000000000011d4dc       0xc8 net_vcr.o
                0x000000000011d4dc                VCR_SendMessage
 .text.VCR_CanSendMessage
                0x000000000011d5a4       0xc8 net_vcr.o
                0x000000000011d5a4                VCR_CanSendMessage
 .text.VCR_GetMessage
                0x000000000011d66c      0x168 net_vcr.o
                0x000000000011d66c                VCR_GetMessage
 .text.VCR_CheckNewConnections
                0x000000000011d7d4      0x120 net_vcr.o
                0x000000000011d7d4                VCR_CheckNewConnections
 .text.PF_fabs  0x000000000011d8f4       0x1c pr_cmds.o
                0x000000000011d8f4                PF_fabs
 .text.PF_precache_file
                0x000000000011d910       0x18 pr_cmds.o
                0x000000000011d910                PF_precache_file
 .text.PF_traceon
                0x000000000011d928       0x14 pr_cmds.o
                0x000000000011d928                PF_traceon
 .text.PF_traceoff
                0x000000000011d93c       0x14 pr_cmds.o
                0x000000000011d93c                PF_traceoff
 .text.PF_rint  0x000000000011d950       0x44 pr_cmds.o
                0x000000000011d950                PF_rint
 .text.PF_break
                0x000000000011d994       0x20 pr_cmds.o
                0x000000000011d994                PF_break
 .text.PF_Remove
                0x000000000011d9b4       0x24 pr_cmds.o
                0x000000000011d9b4                PF_Remove
 .text.PF_makevectors
                0x000000000011d9d8       0x2c pr_cmds.o
                0x000000000011d9d8                PF_makevectors
 .text.PF_setorigin
                0x000000000011da04       0x44 pr_cmds.o
                0x000000000011da04                PF_setorigin
 .text.PF_Fixme
                0x000000000011da48        0xc pr_cmds.o
                0x000000000011da48                PF_Fixme
 .text.PF_precache_sound
                0x000000000011da54       0xbc pr_cmds.o
                0x000000000011da54                PF_precache_sound
 .text.PF_setspawnparms
                0x000000000011db10      0x108 pr_cmds.o
                0x000000000011db10                PF_setspawnparms
 .text.PF_lightstyle
                0x000000000011dc18       0xd0 pr_cmds.o
                0x000000000011dc18                PF_lightstyle
 .text.PF_normalize
                0x000000000011dce8       0x74 pr_cmds.o
                0x000000000011dce8                PF_normalize
 .text.PF_vlen  0x000000000011dd5c       0x38 pr_cmds.o
                0x000000000011dd5c                PF_vlen
 *fill*         0x000000000011dd94        0x4 
 .text.PF_vectoyaw
                0x000000000011dd98       0x7c pr_cmds.o
                0x000000000011dd98                PF_vectoyaw
 *fill*         0x000000000011de14        0x4 
 .text.PF_vectoangles
                0x000000000011de18       0xf4 pr_cmds.o
                0x000000000011de18                PF_vectoangles
 .text.PF_random
                0x000000000011df0c       0x38 pr_cmds.o
                0x000000000011df0c                PF_random
 .text.PF_particle
                0x000000000011df44       0x30 pr_cmds.o
                0x000000000011df44                PF_particle
 .text.PF_ambientsound
                0x000000000011df74      0x10c pr_cmds.o
                0x000000000011df74                PF_ambientsound
 .text.PF_sound
                0x000000000011e080       0xfc pr_cmds.o
                0x000000000011e080                PF_sound
 .text.PF_traceline
                0x000000000011e17c      0x100 pr_cmds.o
                0x000000000011e17c                PF_traceline
 .text.PF_droptofloor
                0x000000000011e27c      0x120 pr_cmds.o
                0x000000000011e27c                PF_droptofloor
 .text.PF_Find  0x000000000011e39c       0xe0 pr_cmds.o
                0x000000000011e39c                PF_Find
 .text.PF_nextent
                0x000000000011e47c       0x78 pr_cmds.o
                0x000000000011e47c                PF_nextent
 .text.PF_stuffcmd
                0x000000000011e4f4       0xa8 pr_cmds.o
                0x000000000011e4f4                PF_stuffcmd
 .text.PF_localcmd
                0x000000000011e59c       0x24 pr_cmds.o
                0x000000000011e59c                PF_localcmd
 .text.PF_cvar  0x000000000011e5c0       0x30 pr_cmds.o
                0x000000000011e5c0                PF_cvar
 .text.PF_cvar_set
                0x000000000011e5f0       0x2c pr_cmds.o
                0x000000000011e5f0                PF_cvar_set
 *fill*         0x000000000011e61c        0x4 
 .text.PF_findradius
                0x000000000011e620      0x170 pr_cmds.o
                0x000000000011e620                PF_findradius
 .text.PF_ftos  0x000000000011e790       0x7c pr_cmds.o
                0x000000000011e790                PF_ftos
 .text.PF_vtos  0x000000000011e80c       0x70 pr_cmds.o
                0x000000000011e80c                PF_vtos
 .text.PF_Spawn
                0x000000000011e87c       0x2c pr_cmds.o
                0x000000000011e87c                PF_Spawn
 .text.PF_precache_model
                0x000000000011e8a8       0xd0 pr_cmds.o
                0x000000000011e8a8                PF_precache_model
 .text.PF_coredump
                0x000000000011e978        0x4 pr_cmds.o
                0x000000000011e978                PF_coredump
 .text.PF_eprint
                0x000000000011e97c       0x30 pr_cmds.o
                0x000000000011e97c                PF_eprint
 *fill*         0x000000000011e9ac        0x4 
 .text.PF_walkmove
                0x000000000011e9b0       0xfc pr_cmds.o
                0x000000000011e9b0                PF_walkmove
 .text.PF_floor
                0x000000000011eaac       0x28 pr_cmds.o
                0x000000000011eaac                PF_floor
 .text.PF_ceil  0x000000000011ead4       0x28 pr_cmds.o
                0x000000000011ead4                PF_ceil
 .text.PF_checkbottom
                0x000000000011eafc       0x38 pr_cmds.o
                0x000000000011eafc                PF_checkbottom
 .text.PF_pointcontents
                0x000000000011eb34       0x28 pr_cmds.o
                0x000000000011eb34                PF_pointcontents
 *fill*         0x000000000011eb5c        0x4 
 .text.PF_aim   0x000000000011eb60      0x3f4 pr_cmds.o
                0x000000000011eb60                PF_aim
 .text.PF_changeyaw
                0x000000000011ef54       0xd4 pr_cmds.o
                0x000000000011ef54                PF_changeyaw
 .text.PF_makestatic
                0x000000000011f028       0xcc pr_cmds.o
                0x000000000011f028                PF_makestatic
 .text.PF_changelevel
                0x000000000011f0f4       0x54 pr_cmds.o
                0x000000000011f0f4                PF_changelevel
 .text.PF_bprint
                0x000000000011f148       0x74 pr_cmds.o
                0x000000000011f148                PF_bprint
 .text.PF_dprint
                0x000000000011f1bc       0x74 pr_cmds.o
                0x000000000011f1bc                PF_dprint
 .text.PF_setsize
                0x000000000011f230       0xf8 pr_cmds.o
                0x000000000011f230                PF_setsize
 .text.PF_error
                0x000000000011f328       0xc4 pr_cmds.o
                0x000000000011f328                PF_error
 .text.PF_objerror
                0x000000000011f3ec       0xd0 pr_cmds.o
                0x000000000011f3ec                PF_objerror
 .text.PF_sprint
                0x000000000011f4bc       0xe4 pr_cmds.o
                0x000000000011f4bc                PF_sprint
 .text.PF_centerprint
                0x000000000011f5a0       0xe4 pr_cmds.o
                0x000000000011f5a0                PF_centerprint
 .text.PF_WriteAngle
                0x000000000011f684      0x108 pr_cmds.o
                0x000000000011f684                PF_WriteAngle
 .text.PF_WriteCoord
                0x000000000011f78c      0x108 pr_cmds.o
                0x000000000011f78c                PF_WriteCoord
 .text.PF_WriteByte
                0x000000000011f894       0xf0 pr_cmds.o
                0x000000000011f894                PF_WriteByte
 .text.PF_WriteChar
                0x000000000011f984       0xf0 pr_cmds.o
                0x000000000011f984                PF_WriteChar
 .text.PF_WriteShort
                0x000000000011fa74       0xf0 pr_cmds.o
                0x000000000011fa74                PF_WriteShort
 .text.PF_WriteLong
                0x000000000011fb64       0xf0 pr_cmds.o
                0x000000000011fb64                PF_WriteLong
 .text.PF_WriteString
                0x000000000011fc54       0xf8 pr_cmds.o
                0x000000000011fc54                PF_WriteString
 .text.PF_WriteEntity
                0x000000000011fd4c      0x10c pr_cmds.o
                0x000000000011fd4c                PF_WriteEntity
 .text.PF_setmodel
                0x000000000011fe58      0x200 pr_cmds.o
                0x000000000011fe58                PF_setmodel
 .text.PF_newcheckclient
                0x0000000000120058      0x118 pr_cmds.o
                0x0000000000120058                PF_newcheckclient
 .text.PF_checkclient
                0x0000000000120170      0x180 pr_cmds.o
                0x0000000000120170                PF_checkclient
 .text.ED_Count
                0x00000000001202f0      0x128 pr_edict.o
                0x00000000001202f0                ED_Count
 .text.ED_Alloc
                0x0000000000120418      0x18c pr_edict.o
                0x0000000000120418                ED_Alloc
 .text.ED_Free  0x00000000001205a4       0x88 pr_edict.o
                0x00000000001205a4                ED_Free
 .text.GetEdictFieldValue
                0x000000000012062c      0x11c pr_edict.o
                0x000000000012062c                GetEdictFieldValue
 .text.PR_ValueString
                0x0000000000120748      0x268 pr_edict.o
                0x0000000000120748                PR_ValueString
 .text.ED_Print.part.0
                0x00000000001209b0      0x1a4 pr_edict.o
 .text.ED_PrintEdicts
                0x0000000000120b54       0xac pr_edict.o
                0x0000000000120b54                ED_PrintEdicts
 .text.ED_PrintEdict_f
                0x0000000000120c00       0x98 pr_edict.o
                0x0000000000120c00                ED_PrintEdict_f
 .text.PR_UglyValueString
                0x0000000000120c98      0x234 pr_edict.o
                0x0000000000120c98                PR_UglyValueString
 .text.PR_GlobalString
                0x0000000000120ecc      0x128 pr_edict.o
                0x0000000000120ecc                PR_GlobalString
 .text.PR_GlobalStringNoContents
                0x0000000000120ff4       0xfc pr_edict.o
                0x0000000000120ff4                PR_GlobalStringNoContents
 .text.ED_Print
                0x00000000001210f0       0x1c pr_edict.o
                0x00000000001210f0                ED_Print
 .text.ED_Write
                0x000000000012110c      0x168 pr_edict.o
                0x000000000012110c                ED_Write
 .text.ED_PrintNum
                0x0000000000121274       0x6c pr_edict.o
                0x0000000000121274                ED_PrintNum
 .text.ED_WriteGlobals
                0x00000000001212e0      0x114 pr_edict.o
                0x00000000001212e0                ED_WriteGlobals
 .text.ED_ParseEpair
                0x00000000001213f4      0x2e4 pr_edict.o
                0x00000000001213f4                ED_ParseEpair
 .text.ED_ParseGlobals
                0x00000000001216d8      0x138 pr_edict.o
                0x00000000001216d8                ED_ParseGlobals
 .text.ED_ParseEdict
                0x0000000000121810      0x288 pr_edict.o
                0x0000000000121810                ED_ParseEdict
 .text.ED_LoadFromFile
                0x0000000000121a98      0x324 pr_edict.o
                0x0000000000121a98                ED_LoadFromFile
 .text.PR_LoadProgs
                0x0000000000121dbc      0x498 pr_edict.o
                0x0000000000121dbc                PR_LoadProgs
 .text.PR_Init  0x0000000000122254       0xb8 pr_edict.o
                0x0000000000122254                PR_Init
 .text.EDICT_NUM
                0x000000000012230c       0x48 pr_edict.o
                0x000000000012230c                EDICT_NUM
 .text.NUM_FOR_EDICT
                0x0000000000122354       0x4c pr_edict.o
                0x0000000000122354                NUM_FOR_EDICT
 .text.PR_PrintStatement
                0x00000000001223a0      0x188 pr_exec.o
                0x00000000001223a0                PR_PrintStatement
 .text.PR_RunError.constprop.0
                0x0000000000122528      0x138 pr_exec.o
 .text.PR_Profile_f
                0x0000000000122660       0xb8 pr_exec.o
                0x0000000000122660                PR_Profile_f
 .text.PR_RunError
                0x0000000000122718      0x134 pr_exec.o
                0x0000000000122718                PR_RunError
 .text.PR_EnterFunction
                0x000000000012284c      0x158 pr_exec.o
                0x000000000012284c                PR_EnterFunction
 *fill*         0x00000000001229a4        0x4 
 .text.PR_ExecuteProgram
                0x00000000001229a8      0xaf0 pr_exec.o
                0x00000000001229a8                PR_ExecuteProgram
 .text.R_InitParticles
                0x0000000000123498       0x8c r_part.o
                0x0000000000123498                R_InitParticles
 *fill*         0x0000000000123524        0x4 
 .text.R_EntityParticles
                0x0000000000123528      0x1f8 r_part.o
                0x0000000000123528                R_EntityParticles
 .text.R_ClearParticles
                0x0000000000123720       0x70 r_part.o
                0x0000000000123720                R_ClearParticles
 .text.R_ReadPointFile_f
                0x0000000000123790      0x158 r_part.o
                0x0000000000123790                R_ReadPointFile_f
 .text.R_ParticleExplosion
                0x00000000001238e8      0x1d4 r_part.o
                0x00000000001238e8                R_ParticleExplosion
 *fill*         0x0000000000123abc        0x4 
 .text.R_ParticleExplosion2
                0x0000000000123ac0      0x128 r_part.o
                0x0000000000123ac0                R_ParticleExplosion2
 .text.R_BlobExplosion
                0x0000000000123be8      0x1f4 r_part.o
                0x0000000000123be8                R_BlobExplosion
 *fill*         0x0000000000123ddc        0x4 
 .text.R_RunParticleEffect
                0x0000000000123de0      0x290 r_part.o
                0x0000000000123de0                R_RunParticleEffect
 .text.R_ParseParticleEffect
                0x0000000000124070       0x90 r_part.o
                0x0000000000124070                R_ParseParticleEffect
 .text.R_LavaSplash
                0x0000000000124100      0x180 r_part.o
                0x0000000000124100                R_LavaSplash
 .text.R_TeleportSplash
                0x0000000000124280      0x1bc r_part.o
                0x0000000000124280                R_TeleportSplash
 *fill*         0x000000000012443c        0x4 
 .text.R_RocketTrail
                0x0000000000124440      0x4c8 r_part.o
                0x0000000000124440                R_RocketTrail
 .text.R_DrawParticles
                0x0000000000124908      0x394 r_part.o
                0x0000000000124908                R_DrawParticles
 .text.Sbar_ShowScores
                0x0000000000124c9c       0x28 sbar.o
                0x0000000000124c9c                Sbar_ShowScores
 .text.Sbar_DontShowScores
                0x0000000000124cc4       0x20 sbar.o
                0x0000000000124cc4                Sbar_DontShowScores
 .text.Sbar_Changed
                0x0000000000124ce4       0x14 sbar.o
                0x0000000000124ce4                Sbar_Changed
 .text.Sbar_Init
                0x0000000000124cf8      0x3c0 sbar.o
                0x0000000000124cf8                Sbar_Init
 .text.Sbar_SoloScoreboard
                0x00000000001250b8      0x14c sbar.o
                0x00000000001250b8                Sbar_SoloScoreboard
 .text.Sbar_DrawWeaponPic
                0x0000000000125204      0x258 sbar.o
                0x0000000000125204                Sbar_DrawWeaponPic
 *fill*         0x000000000012545c        0x4 
 .text.Sbar_DrawHealth
                0x0000000000125460      0x2a4 sbar.o
                0x0000000000125460                Sbar_DrawHealth
 .text.Sbar_DrawWW
                0x0000000000125704      0x2c4 sbar.o
                0x0000000000125704                Sbar_DrawWW
 .text.Sbar_DrawAmmoBetter
                0x00000000001259c8      0x618 sbar.o
                0x00000000001259c8                Sbar_DrawAmmoBetter
 .text.Sbar_DrawNade
                0x0000000000125fe0      0x210 sbar.o
                0x0000000000125fe0                Sbar_DrawNade
 .text.Sbar_DrawMedal
                0x00000000001261f0      0x14c sbar.o
                0x00000000001261f0                Sbar_DrawMedal
 .text.Sbar_DrawSlowmo
                0x000000000012633c       0xe8 sbar.o
                0x000000000012633c                Sbar_DrawSlowmo
 .text.Sbar_CrossHairs
                0x0000000000126424      0x324 sbar.o
                0x0000000000126424                Sbar_CrossHairs
 .text.Sbar_DrawInventory
                0x0000000000126748      0x288 sbar.o
                0x0000000000126748                Sbar_DrawInventory
 .text.Sbar_DeathmatchOverlay
                0x00000000001269d0      0x9b4 sbar.o
                0x00000000001269d0                Sbar_DeathmatchOverlay
 .text.Sbar_Draw
                0x0000000000127384      0x130 sbar.o
                0x0000000000127384                Sbar_Draw
 .text.Sbar_IntermissionOverlay
                0x00000000001274b4      0x674 sbar.o
                0x00000000001274b4                Sbar_IntermissionOverlay
 .text.Sbar_FinaleOverlay
                0x0000000000127b28       0x48 sbar.o
                0x0000000000127b28                Sbar_FinaleOverlay
 .text.SV_Init  0x0000000000127b70       0xb4 sv_main.o
                0x0000000000127b70                SV_Init
 .text.SV_StartParticle
                0x0000000000127c24       0xc4 sv_main.o
                0x0000000000127c24                SV_StartParticle
 .text.SV_StartSound
                0x0000000000127ce8      0x1ec sv_main.o
                0x0000000000127ce8                SV_StartSound
 .text.SV_SendServerinfo
                0x0000000000127ed4      0x214 sv_main.o
                0x0000000000127ed4                SV_SendServerinfo
 .text.SV_ConnectClient
                0x00000000001280e8      0x208 sv_main.o
                0x00000000001280e8                SV_ConnectClient
 .text.SV_CheckForNewClients
                0x00000000001282f0       0xc8 sv_main.o
                0x00000000001282f0                SV_CheckForNewClients
 .text.SV_ClearDatagram
                0x00000000001283b8        0xc sv_main.o
                0x00000000001283b8                SV_ClearDatagram
 .text.SV_AddToFatPVS
                0x00000000001283c4      0x220 sv_main.o
                0x00000000001283c4                SV_AddToFatPVS
 *fill*         0x00000000001285e4        0x4 
 .text.SV_WriteEntitiesToClient
                0x00000000001285e8      0x6b0 sv_main.o
                0x00000000001285e8                SV_WriteEntitiesToClient
 .text.SV_WriteClientdataToMessage
                0x0000000000128c98      0x56c sv_main.o
                0x0000000000128c98                SV_WriteClientdataToMessage
 .text.SV_SendClientDatagram
                0x0000000000129204       0xbc sv_main.o
                0x0000000000129204                SV_SendClientDatagram
 .text.SV_UpdateToReliableMessages
                0x00000000001292c0      0x17c sv_main.o
                0x00000000001292c0                SV_UpdateToReliableMessages
 *fill*         0x000000000012943c        0x4 
 .text.SV_SendClientMessages
                0x0000000000129440      0x24c sv_main.o
                0x0000000000129440                SV_SendClientMessages
 .text.SV_ModelIndex
                0x000000000012968c       0x74 sv_main.o
                0x000000000012968c                SV_ModelIndex
 .text.SV_CreateBaseline
                0x0000000000129700      0x1bc sv_main.o
                0x0000000000129700                SV_CreateBaseline
 .text.SV_SendReconnect
                0x00000000001298bc       0x70 sv_main.o
                0x00000000001298bc                SV_SendReconnect
 .text.SV_SaveSpawnparms
                0x000000000012992c      0x134 sv_main.o
                0x000000000012992c                SV_SaveSpawnparms
 .text.SV_SpawnServer
                0x0000000000129a60      0x434 sv_main.o
                0x0000000000129a60                SV_SpawnServer
 .text.SV_CheckBottom
                0x0000000000129e94      0x228 sv_move.o
                0x0000000000129e94                SV_CheckBottom
 .text.SV_movestep
                0x000000000012a0bc      0x40c sv_move.o
                0x000000000012a0bc                SV_movestep
 .text.SV_StepDirection
                0x000000000012a4c8      0x430 sv_move.o
                0x000000000012a4c8                SV_StepDirection
 .text.SV_NewChaseDir
                0x000000000012a8f8      0xbcc sv_move.o
                0x000000000012a8f8                SV_NewChaseDir
 .text.SV_MoveToGoal
                0x000000000012b4c4      0x14c sv_move.o
                0x000000000012b4c4                SV_MoveToGoal
 .text.SV_FlyMove
                0x000000000012b610      0x608 sv_phys.o
                0x000000000012b610                SV_FlyMove
 .text.SV_PushEntity
                0x000000000012bc18      0x1b4 sv_phys.o
                0x000000000012bc18                SV_PushEntity
 .text.SV_PushMove
                0x000000000012bdcc      0x3ec sv_phys.o
                0x000000000012bdcc                SV_PushMove
 .text.SV_CheckStuck
                0x000000000012c1b8      0x11c sv_phys.o
                0x000000000012c1b8                SV_CheckStuck
 .text.SV_TryUnstick
                0x000000000012c2d4      0x314 sv_phys.o
                0x000000000012c2d4                SV_TryUnstick
 .text.SV_WalkMove
                0x000000000012c5e8      0x340 sv_phys.o
                0x000000000012c5e8                SV_WalkMove
 .text.SV_Physics_Toss
                0x000000000012c928      0x5f0 sv_phys.o
                0x000000000012c928                SV_Physics_Toss
 .text.SV_Physics_Client.part.2
                0x000000000012cf18      0x67c sv_phys.o
 *fill*         0x000000000012d594        0x4 
 .text.SV_Physics_Step
                0x000000000012d598      0x404 sv_phys.o
                0x000000000012d598                SV_Physics_Step
 .text.SV_Physics
                0x000000000012d99c      0x3d4 sv_phys.o
                0x000000000012d99c                SV_Physics
 .text.SV_SetIdealPitch
                0x000000000012dd70      0x47c sv_user.o
                0x000000000012dd70                SV_SetIdealPitch
 .text.SV_UserFriction
                0x000000000012e1ec      0x19c sv_user.o
                0x000000000012e1ec                SV_UserFriction
 .text.SV_WaterMove
                0x000000000012e388      0x214 sv_user.o
                0x000000000012e388                SV_WaterMove
 .text.SV_AirMove
                0x000000000012e59c      0x2cc sv_user.o
                0x000000000012e59c                SV_AirMove
 .text.SV_ClientThink
                0x000000000012e868      0x210 sv_user.o
                0x000000000012e868                SV_ClientThink
 .text.SV_ReadClientMove
                0x000000000012ea78      0x12c sv_user.o
                0x000000000012ea78                SV_ReadClientMove
 .text.SV_ReadClientMessage
                0x000000000012eba4      0x34c sv_user.o
                0x000000000012eba4                SV_ReadClientMessage
 .text.SV_RunClients
                0x000000000012eef0      0x114 sv_user.o
                0x000000000012eef0                SV_RunClients
 .text.V_BonusFlash_f
                0x000000000012f004       0x2c view.o
                0x000000000012f004                V_BonusFlash_f
 .text.V_cshift_f
                0x000000000012f030       0x50 view.o
                0x000000000012f030                V_cshift_f
 .text.V_StartPitchDrift
                0x000000000012f080       0x60 view.o
                0x000000000012f080                V_StartPitchDrift
 .text.V_CalcRoll
                0x000000000012f0e0       0x94 view.o
                0x000000000012f0e0                V_CalcRoll
 *fill*         0x000000000012f174        0x4 
 .text.V_CalcBob
                0x000000000012f178      0x130 view.o
                0x000000000012f178                V_CalcBob
 .text.V_StopPitchDrift
                0x000000000012f2a8       0x34 view.o
                0x000000000012f2a8                V_StopPitchDrift
 .text.V_DriftPitch
                0x000000000012f2dc      0x188 view.o
                0x000000000012f2dc                V_DriftPitch
 *fill*         0x000000000012f464        0x4 
 .text.V_ParseDamage
                0x000000000012f468      0x210 view.o
                0x000000000012f468                V_ParseDamage
 .text.V_SetContentsColor
                0x000000000012f678       0x88 view.o
                0x000000000012f678                V_SetContentsColor
 .text.V_UpdatePalette
                0x000000000012f700      0x4dc view.o
                0x000000000012f700                V_UpdatePalette
 *fill*         0x000000000012fbdc        0x4 
 .text.CalcGunAngle
                0x000000000012fbe0      0x240 view.o
                0x000000000012fbe0                CalcGunAngle
 .text.V_AddIdle
                0x000000000012fe20       0xc4 view.o
                0x000000000012fe20                V_AddIdle
 .text.V_CalcViewRoll
                0x000000000012fee4      0x138 view.o
                0x000000000012fee4                V_CalcViewRoll
 *fill*         0x000000000013001c        0x4 
 .text.V_CalcRefdef
                0x0000000000130020      0x46c view.o
                0x0000000000130020                V_CalcRefdef
 .text.V_RenderView
                0x000000000013048c      0x1bc view.o
                0x000000000013048c                V_RenderView
 .text.V_Init   0x0000000000130648      0x1a4 view.o
                0x0000000000130648                V_Init
 .text.W_LoadWadFile
                0x00000000001307ec      0x390 wad.o
                0x00000000001307ec                W_LoadWadFile
 .text.W_GetLumpName
                0x0000000000130b7c      0x2e0 wad.o
                0x0000000000130b7c                W_GetLumpName
 .text.SwapPic  0x0000000000130e5c       0x34 wad.o
                0x0000000000130e5c                SwapPic
 .text.SV_CreateAreaNode
                0x0000000000130e90      0x934 world.o
                0x0000000000130e90                SV_CreateAreaNode
 .text.SV_ClearWorld
                0x00000000001317c4      0x1b8 world.o
                0x00000000001317c4                SV_ClearWorld
 .text.SV_UnlinkEdict
                0x000000000013197c       0x2c world.o
                0x000000000013197c                SV_UnlinkEdict
 .text.SV_TouchLinks
                0x00000000001319a8      0x184 world.o
                0x00000000001319a8                SV_TouchLinks
 .text.SV_FindTouchedLeafs
                0x0000000000131b2c      0x128 world.o
                0x0000000000131b2c                SV_FindTouchedLeafs
 .text.SV_LinkEdict
                0x0000000000131c54      0x1e0 world.o
                0x0000000000131c54                SV_LinkEdict
 .text.SV_PointContents
                0x0000000000131e34       0xf8 world.o
                0x0000000000131e34                SV_PointContents
 *fill*         0x0000000000131f2c        0x4 
 .text.SV_RecursiveHullCheck
                0x0000000000131f30      0x58c world.o
                0x0000000000131f30                SV_RecursiveHullCheck
 .text.SV_ClipMoveToEntity
                0x00000000001324bc      0x2bc world.o
                0x00000000001324bc                SV_ClipMoveToEntity
 .text.SV_ClipToLinks
                0x0000000000132778      0x308 world.o
                0x0000000000132778                SV_ClipToLinks
 .text.SV_TestEntityPosition
                0x0000000000132a80      0x138 world.o
                0x0000000000132a80                SV_TestEntityPosition
 .text.SV_Move  0x0000000000132bb8      0x1fc world.o
                0x0000000000132bb8                SV_Move
 .text.Cache_Flush
                0x0000000000132db4       0xbc zone.o
                0x0000000000132db4                Cache_Flush
 .text.Z_Free   0x0000000000132e70       0xf4 zone.o
                0x0000000000132e70                Z_Free
 .text.Z_Malloc
                0x0000000000132f64      0x1a4 zone.o
                0x0000000000132f64                Z_Malloc
 .text.Hunk_Check
                0x0000000000133108       0xa8 zone.o
                0x0000000000133108                Hunk_Check
 .text.Hunk_LowMark
                0x00000000001331b0       0x10 zone.o
                0x00000000001331b0                Hunk_LowMark
 .text.Hunk_FreeToLowMark
                0x00000000001331c0       0x58 zone.o
                0x00000000001331c0                Hunk_FreeToLowMark
 .text.Cache_Move
                0x0000000000133218      0x284 zone.o
                0x0000000000133218                Cache_Move
 .text.Hunk_AllocName
                0x000000000013349c      0x104 zone.o
                0x000000000013349c                Hunk_AllocName
 .text.Hunk_HighAllocName
                0x00000000001335a0      0x2d4 zone.o
                0x00000000001335a0                Hunk_HighAllocName
 .text.Hunk_TempAlloc
                0x0000000000133874      0x14c zone.o
                0x0000000000133874                Hunk_TempAlloc
 .text.Hunk_Alloc
                0x00000000001339c0      0x10c zone.o
                0x00000000001339c0                Hunk_Alloc
 .text.Cache_Report
                0x0000000000133acc       0x54 zone.o
                0x0000000000133acc                Cache_Report
 .text.Cache_Free
                0x0000000000133b20       0x94 zone.o
                0x0000000000133b20                Cache_Free
 .text.Cache_Check
                0x0000000000133bb4       0x84 zone.o
                0x0000000000133bb4                Cache_Check
 .text.Cache_Alloc
                0x0000000000133c38      0x3c4 zone.o
                0x0000000000133c38                Cache_Alloc
 .text.Memory_Init
                0x0000000000133ffc      0x210 zone.o
                0x0000000000133ffc                Memory_Init
 .text.Sys_FileClose
                0x000000000013420c       0x24 sys_ctr.o
                0x000000000013420c                Sys_FileClose
 .text.Sys_FileSeek
                0x0000000000134230       0x30 sys_ctr.o
                0x0000000000134230                Sys_FileSeek
 .text.Sys_FileRead
                0x0000000000134260       0x1c sys_ctr.o
                0x0000000000134260                Sys_FileRead
 .text.Sys_FileWrite
                0x000000000013427c       0x1c sys_ctr.o
                0x000000000013427c                Sys_FileWrite
 .text.Sys_FileTime
                0x0000000000134298       0x2c sys_ctr.o
                0x0000000000134298                Sys_FileTime
 .text.Sys_mkdir
                0x00000000001342c4        0x4 sys_ctr.o
                0x00000000001342c4                Sys_mkdir
 .text.Sys_Printf
                0x00000000001342c8       0x54 sys_ctr.o
                0x00000000001342c8                Sys_Printf
 .text.Sys_Quit
                0x000000000013431c       0x20 sys_ctr.o
                0x000000000013431c                Sys_Quit
 .text.Sys_Error
                0x000000000013433c       0x74 sys_ctr.o
                0x000000000013433c                Sys_Error
 .text.Sys_FileOpenRead
                0x00000000001343b0      0x144 sys_ctr.o
                0x00000000001343b0                Sys_FileOpenRead
 .text.Sys_FileOpenWrite
                0x00000000001344f4      0x10c sys_ctr.o
                0x00000000001344f4                Sys_FileOpenWrite
 .text.sysAptHook
                0x0000000000134600       0x14 sys_ctr.o
 *fill*         0x0000000000134614        0x4 
 .text.Sys_FloatTime
                0x0000000000134618       0x4c sys_ctr.o
                0x0000000000134618                Sys_FloatTime
 .text.Sys_ConsoleInput
                0x0000000000134664        0x8 sys_ctr.o
                0x0000000000134664                Sys_ConsoleInput
 .text.CTR_SetKeys
                0x000000000013466c      0x164 sys_ctr.o
                0x000000000013466c                CTR_SetKeys
 .text.Sys_SendKeyEvents
                0x00000000001347d0       0x4c sys_ctr.o
                0x00000000001347d0                Sys_SendKeyEvents
 .text.Sys_HighFPPrecision
                0x000000000013481c        0x4 sys_ctr.o
                0x000000000013481c                Sys_HighFPPrecision
 .text.Sys_LowFPPrecision
                0x0000000000134820        0x4 sys_ctr.o
                0x0000000000134820                Sys_LowFPPrecision
 .text.Sys_DefaultConfig
                0x0000000000134824       0x8c sys_ctr.o
                0x0000000000134824                Sys_DefaultConfig
 .text.Sys_Init
                0x00000000001348b0       0x30 sys_ctr.o
                0x00000000001348b0                Sys_Init
 .text.startup.main
                0x00000000001348e0      0x1b4 sys_ctr.o
                0x00000000001348e0                main
 .text.D_DrawPoly
                0x0000000000134a94        0x4 d_edge.o
                0x0000000000134a94                D_DrawPoly
 .text.D_DrawSolidSurface
                0x0000000000134a98      0x11c d_edge.o
                0x0000000000134a98                D_DrawSolidSurface
 *fill*         0x0000000000134bb4        0x4 
 .text.D_CalcGradients
                0x0000000000134bb8      0x248 d_edge.o
                0x0000000000134bb8                D_CalcGradients
 .text.D_DrawSurfaces
                0x0000000000134e00      0x4ac d_edge.o
                0x0000000000134e00                D_DrawSurfaces
 .text.D_Init   0x00000000001352ac       0x84 d_init.o
                0x00000000001352ac                D_Init
 .text.D_EnableBackBufferAccess
                0x0000000000135330        0x4 d_init.o
                0x0000000000135330                D_EnableBackBufferAccess
 .text.D_TurnZOn
                0x0000000000135334        0x4 d_init.o
                0x0000000000135334                D_TurnZOn
 .text.D_DisableBackBufferAccess
                0x0000000000135338        0x4 d_init.o
                0x0000000000135338                D_DisableBackBufferAccess
 .text.D_SetupFrame
                0x000000000013533c      0x14c d_init.o
                0x000000000013533c                D_SetupFrame
 .text.D_ViewChanged
                0x0000000000135488      0x1fc d_modech.o
                0x0000000000135488                D_ViewChanged
 .text.D_EndParticles
                0x0000000000135684        0x4 d_part.o
                0x0000000000135684                D_EndParticles
 .text.D_StartParticles
                0x0000000000135688        0x4 d_part.o
                0x0000000000135688                D_StartParticles
 *fill*         0x000000000013568c        0x4 
 .text.D_DrawParticle
                0x0000000000135690      0x468 d_part.o
                0x0000000000135690                D_DrawParticle
 .text.D_PolysetDrawFinalVerts
                0x0000000000135af8       0xc8 d_polyse.o
                0x0000000000135af8                D_PolysetDrawFinalVerts
 .text.D_PolysetRecursiveTriangle
                0x0000000000135bc0      0x930 d_polyse.o
                0x0000000000135bc0                D_PolysetRecursiveTriangle
 .text.D_DrawSubdiv
                0x00000000001364f0      0x170 d_polyse.o
                0x00000000001364f0                D_DrawSubdiv
 .text.D_PolysetUpdateTables
                0x0000000000136660       0x74 d_polyse.o
                0x0000000000136660                D_PolysetUpdateTables
 .text.D_PolysetScanLeftEdge
                0x00000000001366d4      0x3c0 d_polyse.o
                0x00000000001366d4                D_PolysetScanLeftEdge
 .text.D_PolysetCalcGradients
                0x0000000000136a94      0x25c d_polyse.o
                0x0000000000136a94                D_PolysetCalcGradients
 .text.D_PolysetDrawSpans8
                0x0000000000136cf0      0x1a8 d_polyse.o
                0x0000000000136cf0                D_PolysetDrawSpans8
 .text.D_RasterizeAliasPolySmooth
                0x0000000000136e98      0x99c d_polyse.o
                0x0000000000136e98                D_RasterizeAliasPolySmooth
 .text.D_DrawNonSubdiv
                0x0000000000137834      0x2ac d_polyse.o
                0x0000000000137834                D_DrawNonSubdiv
 .text.D_PolysetDraw
                0x0000000000137ae0       0x54 d_polyse.o
                0x0000000000137ae0                D_PolysetDraw
 *fill*         0x0000000000137b34        0x4 
 .text.D_WarpScreen
                0x0000000000137b38      0x244 d_scan.o
                0x0000000000137b38                D_WarpScreen
 .text.D_DrawTurbulent8Span
                0x0000000000137d7c       0xd0 d_scan.o
                0x0000000000137d7c                D_DrawTurbulent8Span
 *fill*         0x0000000000137e4c        0x4 
 .text.Turbulent8
                0x0000000000137e50      0x42c d_scan.o
                0x0000000000137e50                Turbulent8
 .text.D_DrawSpans16Qb
                0x000000000013827c      0x7d0 d_scan.o
                0x000000000013827c                D_DrawSpans16Qb
 .text.D_DrawSpans16QbDither
                0x0000000000138a4c      0x7e8 d_scan.o
                0x0000000000138a4c                D_DrawSpans16QbDither
 *fill*         0x0000000000139234        0x4 
 .text.D_DrawZSpans
                0x0000000000139238      0x124 d_scan.o
                0x0000000000139238                D_DrawZSpans
 *fill*         0x000000000013935c        0x4 
 .text.D_Sky_uv_To_st
                0x0000000000139360      0x174 d_sky.o
                0x0000000000139360                D_Sky_uv_To_st
 .text.D_DrawSkyScans8
                0x00000000001394d4      0x1c0 d_sky.o
                0x00000000001394d4                D_DrawSkyScans8
 .text.D_SpriteDrawSpans
                0x0000000000139694      0x608 d_sprite.o
                0x0000000000139694                D_SpriteDrawSpans
 .text.D_SpriteScanLeftEdge
                0x0000000000139c9c      0x130 d_sprite.o
                0x0000000000139c9c                D_SpriteScanLeftEdge
 .text.D_SpriteScanRightEdge
                0x0000000000139dcc      0x1a4 d_sprite.o
                0x0000000000139dcc                D_SpriteScanRightEdge
 .text.D_SpriteCalculateGradients
                0x0000000000139f70      0x264 d_sprite.o
                0x0000000000139f70                D_SpriteCalculateGradients
 .text.D_DrawSprite
                0x000000000013a1d4      0x150 d_sprite.o
                0x000000000013a1d4                D_DrawSprite
 .text.D_InitCaches
                0x000000000013a324       0x8c d_surf.o
                0x000000000013a324                D_InitCaches
 .text.D_FlushCaches
                0x000000000013a3b0       0x5c d_surf.o
                0x000000000013a3b0                D_FlushCaches
 .text.D_SCAlloc
                0x000000000013a40c      0x24c d_surf.o
                0x000000000013a40c                D_SCAlloc
 .text.D_CacheSurface